{
    "todos": [
        {
            "description": "",
            "doneStatus": false,
            "id": 10,
            "title": "install webcam"
        },
        {
            "description": "",
            "doneStatus": false,
            "id": 6,
            "title": "process payroll"
        },
        {
            "description": "",
            "doneStatus": false,
            "id": 2,
            "title": "file paperwork"
        },
        {
            "description": "",
            "doneStatus": false,
            "id": 5,
            "title": "pay invoices"
        },
        {
            "description": "",
            "doneStatus": false,
            "id": 9,
            "title": "tidy meeting room"
        },
        {
            "description": "",
            "doneStatus": false,
            "id": 4,
            "title": "escalate late payments"
        },
        {
            "description": "",
            "doneStatus": false,
            "id": 7,
            "title": "train staff"
        },
        {
            "description": "",
            "doneStatus": false,
            "id": 8,
            "title": "schedule meeting"
        },
        {
            "description": "",
            "doneStatus": false,
            "id": 3,
            "title": "process payments"
        },
        {
            "description": "",
            "doneStatus": false,
            "id": 1,
            "title": "scan paperwork"
        }
    ]
}
