{
    "todos": [
        {
            "description": "",
            "doneStatus": false,
            "id": 4,
            "title": "escalate late payments"
        }
    ]
}
